Build started 5/5/2026 8:43:20 AM.
Test run for C:\src\graphify-dotnet\src\tests\Graphify.Tests\bin\Release\net10.0\Graphify.Tests.dll (.NETCoreApp,Version=v10.0)
A total of 1 test files matched the specified pattern.
[xUnit.net 00:00:00.00] xUnit.net VSTest Adapter v2.8.2+699d445a1a (64-bit .NET 10.0.7)
[xUnit.net 00:00:00.69]   Discovering: Graphify.Tests
[xUnit.net 00:00:00.83]   Discovered:  Graphify.Tests
[xUnit.net 00:00:00.83]   Starting:    Graphify.Tests
  Passed Graphify.Tests.Security.InputValidationSecurityTests.FileDetector_SymlinkFile_IsSkipped [422 ms]
  Passed Graphify.Tests.Pipeline.WatchModeTests.TestRoot_DirectoryExists_ForTestInfrastructure [416 ms]
  Passed Graphify.Tests.Cli.GraphifyConfigTests.AzureOpenAIConfig_AllProperties_AreNullByDefault [417 ms]
  Passed Graphify.Tests.Cli.ChatClientResolverTests.Resolve_AzureOpenAI_MissingEndpoint_Throws [416 ms]
  Passed Graphify.Tests.Cli.ChatClientResolverTests.Resolve_AzureOpenAIProvider_IsCaseInsensitive(providerValue: "AZUREOPENAI") [< 1 ms]
  Passed Graphify.Tests.Cli.ChatClientResolverTests.Resolve_AzureOpenAIProvider_IsCaseInsensitive(providerValue: "AzureOpenAI") [< 1 ms]
  Passed Graphify.Tests.Cli.ChatClientResolverTests.Resolve_AzureOpenAIProvider_IsCaseInsensitive(providerValue: "azureopenai") [< 1 ms]
  Passed Graphify.Tests.Security.InputValidationSecurityTests.FileDetector_SymlinkDirectory_IsSkipped [1 ms]
  Passed Graphify.Tests.Security.InputValidationSecurityTests.OutputDirectory_PathTraversal_IsRejected [1 ms]
  Passed Graphify.Tests.Security.InputValidationSecurityTests.UrlIngester_PrivateIp10Range_IsBlocked [2 ms]
  Passed Graphify.Tests.Security.InputValidationSecurityTests.UrlIngester_PublicUrl_IsAllowed [1 ms]
  Passed Graphify.Tests.Security.InputValidationSecurityTests.OutputDirectory_AbsolutePath_IsAllowed [< 1 ms]
  Passed Graphify.Tests.Security.InputValidationSecurityTests.UrlIngester_Localhost_IsBlocked [1 ms]
  Passed Graphify.Tests.Security.InputValidationSecurityTests.UrlIngester_PrivateIp192Range_IsBlocked [1 ms]
  Passed Graphify.Tests.Security.InputValidationSecurityTests.OutputDirectory_RelativeSafe_IsAllowed [< 1 ms]
  Passed Graphify.Tests.Security.InputValidationSecurityTests.FileDetector_NormalFile_IsProcessed [1 ms]
  Passed Graphify.Tests.Security.InputValidationSecurityTests.UrlIngester_PrivateIp172Range_IsBlocked [< 1 ms]
  Passed Graphify.Tests.Cli.CopilotSdkConfigTests.ResolveAsync_UnknownProvider_ErrorMessageListsCopilotSdk [3 ms]
  Passed Graphify.Tests.Sdk.CopilotSdkOptionsTests.DefaultModelId_IsGpt41 [462 ms]
  Passed Graphify.Tests.Cli.GraphifyConfigTests.AzureOpenAIConfig_Properties_CanBeSet [40 ms]
  Passed Graphify.Tests.Cli.CopilotSdkConfigTests.CopilotSdkConfig_ModelId_CanBeOverridden [22 ms]
  Passed Graphify.Tests.Sdk.AzureOpenAIClientFactoryTests.AzureOpenAIOptions_With_CreatesModifiedCopy [34 ms]
  Passed Graphify.Tests.Sdk.OllamaClientFactoryTests.OllamaOptions_With_CreatesModifiedCopy [461 ms]
  Passed Graphify.Tests.Security.InputValidatorTests.ValidateInput_EmptyOrWhitespace_ReturnsFailure(input: "   ") [465 ms]
  Passed Graphify.Tests.Cli.CopilotSdkConfigTests.CopilotSdkConfig_ModelId_AcceptsVariousValues(modelId: "gpt-4o-mini") [1 ms]
  Passed Graphify.Tests.Sdk.CopilotSdkOptionsTests.CustomModelId_VariousModels_ArePreserved(modelId: "claude-sonnet") [1 ms]
  Passed Graphify.Tests.Cli.GraphifyConfigTests.OllamaConfig_DefaultEndpoint_IsLocalhost [1 ms]
  Passed Graphify.Tests.Sdk.AzureOpenAIClientFactoryTests.AzureOpenAIOptions_CustomValues_ArePreserved [1 ms]
  Passed Graphify.Tests.Cli.GraphifyConfigTests.GraphifyConfig_HasDefaultOllamaAndAzureSubConfigs [< 1 ms]
  Passed Graphify.Tests.Sdk.OllamaClientFactoryTests.OllamaOptions_CustomModelId_IsPreserved [1 ms]
  Passed Graphify.Tests.Security.InputValidatorTests.ValidateInput_EmptyOrWhitespace_ReturnsFailure(input: "") [1 ms]
  Passed Graphify.Tests.Cli.CopilotSdkConfigTests.CopilotSdkConfig_ModelId_AcceptsVariousValues(modelId: "llama3.2") [1 ms]
  Passed Graphify.Tests.Cli.CopilotSdkConfigTests.CopilotSdkConfig_ModelId_AcceptsVariousValues(modelId: "claude-sonnet") [< 1 ms]
  Passed Graphify.Tests.Sdk.OllamaClientFactoryTests.OllamaOptions_DefaultValues_AreCorrect [< 1 ms]
  Passed Graphify.Tests.Cli.CopilotSdkConfigTests.Resolve_EmptyProvider_ReturnsNull [< 1 ms]
  Passed Graphify.Tests.Sdk.CopilotSdkOptionsTests.CustomModelId_VariousModels_ArePreserved(modelId: "llama3.2") [1 ms]
  Passed Graphify.Tests.Sdk.CopilotSdkOptionsTests.CustomModelId_VariousModels_ArePreserved(modelId: "gpt-4o-mini") [< 1 ms]
  Passed Graphify.Tests.Sdk.OllamaClientFactoryTests.OllamaOptions_FullyCustom_AllValuesPreserved [1 ms]
  Passed Graphify.Tests.Cli.CopilotSdkConfigTests.GraphifyConfig_HasDefaultCopilotSdkConfig [1 ms]
  Passed Graphify.Tests.Cli.GraphifyConfigTests.OllamaConfig_DefaultModelId_IsLlama32 [2 ms]
  Passed Graphify.Tests.Cli.GraphifyConfigTests.GraphifyConfig_Provider_CanBeSet [< 1 ms]
  Passed Graphify.Tests.Sdk.CopilotSdkClientFactoryTests.ChatClientFactory_CopilotSdk_SyncCreate_ThrowsInvalidOperationException [465 ms]
  Passed Graphify.Tests.Security.InputValidatorTests.ValidateUrl_Localhost_ReturnsFailure [2 ms]
  Passed Graphify.Tests.Sdk.CopilotSdkOptionsTests.ToString_ContainsModelId [3 ms]
  Passed Graphify.Tests.Cli.GraphifyConfigTests.GraphifyConfig_Provider_IsNullByDefault [1 ms]
  Passed Graphify.Tests.Security.InputValidatorTests.ValidateUrl_InvalidScheme_ReturnsFailure(url: "file:///etc/passwd") [1 ms]
  Passed Graphify.Tests.Cli.CopilotSdkConfigTests.Resolve_UnknownProvider_ErrorMessageListsAllProviders [3 ms]
  Passed Graphify.Tests.Cli.GraphifyConfigTests.OllamaConfig_Properties_CanBeOverridden [2 ms]
  Passed Graphify.Tests.Security.InputValidatorTests.ValidateUrl_InvalidScheme_ReturnsFailure(url: "ftp://example.com") [1 ms]
  Passed Graphify.Tests.Security.InputValidatorTests.ValidateUrl_InvalidScheme_ReturnsFailure(url: "javascript:alert('xss')") [< 1 ms]
  Passed Graphify.Tests.Cli.CopilotSdkConfigTests.Resolve_UnknownProvider_ErrorMessageListsCopilotSdk [5 ms]
  Passed Graphify.Tests.Cli.CopilotSdkConfigTests.GraphifyConfig_CopilotSdk_DefaultModelId_IsGpt41 [1 ms]
  Passed Graphify.Tests.Sdk.ChatClientFactoryTests.AiProviderOptions_CopilotSdk_ConstructionWorks [479 ms]
  Passed Graphify.Tests.Sdk.AzureOpenAIClientFactoryTests.AzureOpenAIOptions_RecordEquality_WorksCorrectly [16 ms]
  Passed Graphify.Tests.Sdk.OllamaClientFactoryTests.OllamaOptions_RecordEquality_WorksCorrectly [13 ms]
  Passed Graphify.Tests.Sdk.CopilotSdkClientFactoryTests.AiProviderOptions_CopilotSdk_DefaultModelIdIsNull [13 ms]
  Passed Graphify.Tests.Sdk.CopilotSdkOptionsTests.RecordEquality_SameValues_AreEqual [12 ms]
  Passed Graphify.Tests.Sdk.ChatClientFactoryTests.Create_AzureOpenAI_MissingDeploymentName_Throws [2 ms]
  Passed Graphify.Tests.Sdk.CopilotExtractorOptionsTests.MaxNodesPerFile_AcceptsPositiveValues(maxNodes: 15) [481 ms]
  Passed Graphify.Tests.Sdk.OllamaClientFactoryTests.OllamaOptions_CustomEndpoint_IsPreserved [2 ms]
  Passed Graphify.Tests.Sdk.AzureOpenAIClientFactoryTests.AzureOpenAIOptions_DefaultConstruction_HasEmptyStrings [3 ms]
  Passed Graphify.Tests.Sdk.CopilotExtractorOptionsTests.MaxNodesPerFile_AcceptsPositiveValues(maxNodes: 100) [1 ms]
  Passed Graphify.Tests.Sdk.CopilotExtractorOptionsTests.MaxNodesPerFile_AcceptsPositiveValues(maxNodes: 1) [< 1 ms]
  Passed Graphify.Tests.Sdk.ChatClientFactoryTests.AiProviderOptions_DefaultValues_AreNull [2 ms]
  Passed Graphify.Tests.Sdk.ChatClientFactoryTests.AiProviderOptions_AzureOpenAI_ConstructionWorks [< 1 ms]
  Passed Graphify.Tests.Cli.CopilotSdkConfigTests.ResolveAsync_UnknownProvider_ThrowsInvalidOperationException [8 ms]
  Passed Graphify.Tests.Sdk.CopilotSdkOptionsTests.WithExpression_CreatesModifiedCopy [4 ms]
  Passed Graphify.Tests.Cli.CopilotSdkConfigTests.CopilotSdkConfig_DefaultModelId_IsGpt41 [1 ms]
  Passed Graphify.Tests.Sdk.ChatClientFactoryTests.Create_CopilotSdk_Sync_ThrowsInvalidOperationException [3 ms]
  Passed Graphify.Tests.Pipeline.ExtractionPromptsTests.DocumentationExtraction_IncludesFileContent [11 ms]
  Passed Graphify.Tests.Sdk.CopilotSdkOptionsTests.RecordEquality_DifferentValues_AreNotEqual [3 ms]
  Passed Graphify.Tests.Sdk.ChatClientFactoryTests.Create_AzureOpenAI_MissingApiKey_Throws [2 ms]
  Passed Graphify.Tests.Pipeline.ExtractionPromptsTests.CodeSemanticExtraction_IncludesFileContent [3 ms]
  Passed Graphify.Tests.Sdk.CopilotSdkOptionsTests.RecordEquality_DefaultInstances_AreEqual [1 ms]
  Passed Graphify.Tests.Sdk.ChatClientFactoryTests.AiProvider_HasExpectedValues [2 ms]
  Passed Graphify.Tests.Sdk.CopilotSdkOptionsTests.WithExpression_SameValue_ProducesEqualRecord [1 ms]
  Passed Graphify.Tests.Sdk.CopilotSdkOptionsTests.GetHashCode_EqualRecords_HaveSameHashCode [< 1 ms]
  Passed Graphify.Tests.Sdk.CopilotSdkOptionsTests.CustomModelId_IsPreserved [< 1 ms]
  Passed Graphify.Tests.ModelTests.ModelTests.SuggestedQuestion_Construction [10 ms]
  Passed Graphify.Tests.ModelTests.ModelTests.GraphNode_Equality_ByIdOnly [2 ms]
  Passed Graphify.Tests.Pipeline.ExtractionPromptsTests.AllPrompts_RequestJsonOutput [6 ms]
  Passed Graphify.Tests.Sdk.ChatClientFactoryTests.Create_NullOptions_ThrowsArgumentNullException [6 ms]
  Passed Graphify.Tests.Sdk.CopilotSdkClientFactoryTests.ChatClientFactory_CreateAsync_NullOptions_ThrowsArgumentNullException [18 ms]
  Passed Graphify.Tests.Sdk.CopilotExtractorOptionsTests.Temperature_AcceptsValidRange(temp: 0) [14 ms]
  Passed Graphify.Tests.Sdk.CopilotExtractorOptionsTests.Temperature_AcceptsValidRange(temp: 0.5) [< 1 ms]
  Passed Graphify.Tests.Sdk.CopilotExtractorOptionsTests.Temperature_AcceptsValidRange(temp: 1) [< 1 ms]
  Passed Graphify.Tests.ModelTests.ModelTests.GraphEdge_Equality_BySourceTargetRelationship [2 ms]
  Passed Graphify.Tests.Pipeline.FileDetectorTests.ExecuteAsync_SkipsNodeModulesDirectory [478 ms]
  Passed Graphify.Tests.Sdk.CopilotSdkClientFactoryTests.AiProviderOptions_CopilotSdk_WithModelId_IsPreserved [1 ms]
  Passed Graphify.Tests.Pipeline.ExtractionPromptsTests.DocumentationExtraction_IncludesExpectedKeywords [3 ms]
  Passed Graphify.Tests.ModelTests.ModelTests.FileCategory_HasExpectedValues(value: Code) [1 ms]
  Passed Graphify.Tests.Pipeline.ExtractionPromptsTests.CodeSemanticExtraction_IncludesFileName [< 1 ms]
  Passed Graphify.Tests.Pipeline.ExtractionPromptsTests.CodeSemanticExtraction_IncludesExpectedKeywords [< 1 ms]
  Passed Graphify.Tests.ModelTests.ModelTests.FileCategory_HasExpectedValues(value: Media) [1 ms]
  Passed Graphify.Tests.ModelTests.ModelTests.FileCategory_HasExpectedValues(value: Documentation) [< 1 ms]
  Passed Graphify.Tests.Pipeline.ExtractionPromptsTests.PaperExtraction_IncludesExtractedText [1 ms]
  Passed Graphify.Tests.Security.InputValidatorTests.SanitizeLabel_SpecialCharacters_HtmlEncodes [32 ms]
  Passed Graphify.Tests.Security.InputValidatorTests.ValidatePath_NullBytes_ReturnsFailure [< 1 ms]
  Passed Graphify.Tests.Security.InputValidatorTests.ValidateUrl_LoopbackIp_ReturnsFailure [1 ms]
  Passed Graphify.Tests.Pipeline.ExtractionPromptsTests.AllPrompts_AreNonEmpty(fileName: "README.md", content: "docs") [3 ms]
  Passed Graphify.Tests.Sdk.CopilotSdkClientFactoryTests.CreateAsync_NullOptions_ThrowsArgumentNullException [7 ms]
  Passed Graphify.Tests.Sdk.CopilotSdkClientFactoryTests.Options_DefaultConstruction_HasExpectedModelId [1 ms]
  Passed Graphify.Tests.Sdk.CopilotSdkClientFactoryTests.Options_CustomModelId_IsPreserved [< 1 ms]
  Passed Graphify.Tests.Pipeline.ExtractionPromptsTests.AllPrompts_AreNonEmpty(fileName: "test.cs", content: "code") [2 ms]
  Passed Graphify.Tests.Pipeline.ExtractionPromptsTests.ImageVisionExtraction_IncludesFileName [< 1 ms]
  Passed Graphify.Tests.Cache.SemanticCacheTests.ComputeHashAsync_DifferentContent_ReturnsDifferentHash [517 ms]
  Passed Graphify.Tests.Pipeline.ExtractionPromptsTests.PaperExtraction_IncludesExpectedKeywords [2 ms]
  Passed Graphify.Tests.Pipeline.ExtractionPromptsTests.ImageVisionExtraction_IncludesMaxNodes [2 ms]
  Passed Graphify.Tests.Pipeline.ExtractionPromptsTests.CodeSemanticExtraction_IncludesMaxNodes [3 ms]
  Passed Graphify.Tests.ModelTests.ModelTests.ExtractedNode_Construction_SetsRequiredProperties [16 ms]
  Passed Graphify.Tests.Security.InputValidatorTests.ValidateUrl_ValidUrls_ReturnsSuccess(url: "https://api.github.com/repos/owner/repo") [17 ms]
  Passed Graphify.Tests.Validation.ExtractionValidatorTests.Validate_ValidExtractionResult_ReturnsSuccess [39 ms]
  Passed Graphify.Tests.Graph.KnowledgeGraphTests.GetNeighbors_NonExistentNode_ReturnsEmpty [29 ms]
  Passed Graphify.Tests.Security.InputValidatorTests.ValidateUrl_ValidUrls_ReturnsSuccess(url: "https://example.com") [< 1 ms]
  Passed Graphify.Tests.Security.InputValidatorTests.ValidateUrl_ValidUrls_ReturnsSuccess(url: "http://example.com") [< 1 ms]
  Passed Graphify.Tests.Security.InputValidatorTests.ValidateInput_NullInput_ReturnsFailure [< 1 ms]
  Passed Graphify.Tests.Graph.KnowledgeGraphTests.AddEdge_MissingTargetNode_ReturnsFalse [1 ms]
  Passed Graphify.Tests.Validation.ExtractionValidatorTests.Validate_NullNodesCollection_ReturnsFailure [1 ms]
  Passed Graphify.Tests.Security.InputValidatorTests.ValidatePath_NullOrEmpty_ReturnsFailure(path: "") [< 1 ms]
  Passed Graphify.Tests.Graph.KnowledgeGraphTests.GetEdges_WithNodeId_ReturnsConnectedEdges [1 ms]
  Passed Graphify.Tests.Security.InputValidatorTests.ValidatePath_NullOrEmpty_ReturnsFailure(path: "   ") [1 ms]
  Passed Graphify.Tests.Validation.ExtractionValidatorTests.Validate_NullExtractionResult_ReturnsFailure [2 ms]
  Passed Graphify.Tests.Security.InputValidatorTests.ValidatePath_NullOrEmpty_ReturnsFailure(path: null) [< 1 ms]
  Passed Graphify.Tests.Validation.ExtractionValidatorTests.Validate_MultipleErrors_ReturnsAllErrors [< 1 ms]
  Passed Graphify.Tests.Sdk.CopilotExtractorOptionsTests.DefaultValues_AreCorrect [27 ms]
  Passed Graphify.Tests.Validation.ExtractionValidatorTests.Validate_EdgeWithMissingTarget_ReturnsFailure [< 1 ms]
  Passed Graphify.Tests.Security.InputValidatorTests.SanitizeLabel_EmptyInput_ReturnsEmptySuccess(label: null) [1 ms]
  Passed Graphify.Tests.Security.InputValidatorTests.SanitizeLabel_EmptyInput_ReturnsEmptySuccess(label: "") [< 1 ms]
  Passed Graphify.Tests.Security.InputValidatorTests.ValidateUrl_PrivateIpUrls_ReturnsFailure(url: "http://172.31.255.255") [< 1 ms]
  Passed Graphify.Tests.Validation.ExtractionValidatorTests.Validate_NodeWithNullId_ReturnsFailure [1 ms]
  Passed Graphify.Tests.Graph.KnowledgeGraphTests.AddNode_NullNode_ThrowsArgumentNullException [3 ms]
  Passed Graphify.Tests.Regression.InputValidatorRegressionTests.SanitizeLabel_UnicodeControlChars_Handled_RegressionBug2 [531 ms]
  Passed Graphify.Tests.Security.InputValidatorTests.ValidateUrl_PrivateIpUrls_ReturnsFailure(url: "http://10.0.0.1") [1 ms]
  Passed Graphify.Tests.Security.InputValidatorTests.ValidateUrl_PrivateIpUrls_ReturnsFailure(url: "http://172.16.0.1") [< 1 ms]
  Passed Graphify.Tests.Security.InputValidatorTests.ValidateUrl_PrivateIpUrls_ReturnsFailure(url: "http://192.168.1.1") [< 1 ms]
  Passed Graphify.Tests.Graph.KnowledgeGraphTests.GetNode_ExistingNode_ReturnsNode [1 ms]
  Passed Graphify.Tests.Validation.ExtractionValidatorTests.Validate_EdgeWithEmptySource_ReturnsFailure [2 ms]
  Passed Graphify.Tests.Sdk.CopilotExtractorOptionsTests.ApiKey_CanBeSetAndRetrieved [4 ms]
  Passed Graphify.Tests.Validation.ExtractionValidatorTests.Validate_NodeWithEmptyId_ReturnsFailure [1 ms]
  Passed Graphify.Tests.Validation.ExtractionValidatorTests.Validate_EdgeWithEmptyRelation_ReturnsFailure [1 ms]
  Passed Graphify.Tests.Security.InputValidatorTests.ValidatePath_OutsideBaseDirectory_ReturnsFailure [3 ms]
  Passed Graphify.Tests.Security.InputValidatorTests.ValidateUrl_NullOrEmpty_ReturnsFailure(url: "   ") [< 1 ms]
  Passed Graphify.Tests.Validation.ExtractionValidatorTests.Validate_NodeWithEmptySourceFile_ReturnsFailure [1 ms]
  Passed Graphify.Tests.Regression.InputValidatorRegressionTests.SanitizeLabel_ExtendedAscii_Preserved_RegressionBug2 [5 ms]
  Passed Graphify.Tests.Security.InputValidatorTests.ValidateUrl_NullOrEmpty_ReturnsFailure(url: "") [1 ms]
  Passed Graphify.Tests.Security.InputValidatorTests.ValidateUrl_NullOrEmpty_ReturnsFailure(url: null) [< 1 ms]
  Passed Graphify.Tests.Security.InputValidatorTests.ValidateUrl_InvalidFormat_ReturnsFailure [< 1 ms]
  Passed Graphify.Tests.Validation.ExtractionValidatorTests.Validate_NullEdgesCollection_ReturnsFailure [1 ms]
  Passed Graphify.Tests.Pipeline.GraphBuilderTests.ExecuteAsync_EdgeWeightAccumulation_WorksCorrectly [539 ms]
  Passed Graphify.Tests.Validation.ExtractionValidatorTests.Validate_EdgeWithEmptyTarget_ReturnsFailure [3 ms]
  Passed Graphify.Tests.Validation.ExtractionValidatorTests.Validate_EdgeWithMissingSource_ReturnsFailure [< 1 ms]
  Passed Graphify.Tests.Validation.ExtractionValidatorTests.Validate_EdgeWithEmptySourceFile_ReturnsFailure [1 ms]
  Passed Graphify.Tests.Validation.ExtractionValidatorTests.Validate_EmptyResult_ReturnsSuccess [< 1 ms]
  Passed Graphify.Tests.Validation.ExtractionValidatorTests.Validate_NodeWithEmptyLabel_ReturnsFailure [< 1 ms]
  Passed Graphify.Tests.Export.ObsidianExporterTests.ExportAsync_EmptyGraph_ProducesEmptyVault [549 ms]
  Passed Graphify.Tests.Sdk.CopilotExtractorOptionsTests.Construction_WithAllParameters [14 ms]
  Passed Graphify.Tests.Pipeline.GraphBuilderTests.ExecuteAsync_SkipMissingNodes_DoesNotCreateDanglingEdges [8 ms]
  Passed Graphify.Tests.Security.InputValidatorTests.ValidateInput_ControlCharacters_ReturnsFailure [12 ms]
  Passed Graphify.Tests.Graph.KnowledgeGraphTests.GetNeighbors_ReturnsOutgoingNodes [18 ms]
  Passed Graphify.Tests.Graph.KnowledgeGraphTests.GetDegree_ReturnsCorrectDegree [< 1 ms]
  Passed Graphify.Tests.Security.InputValidatorTests.SanitizeLabel_ExceedsMaxLength_Truncates [1 ms]
  Passed Graphify.Tests.Graph.KnowledgeGraphTests.AddNode_IncreasesNodeCount [1 ms]
  Passed Graphify.Tests.Export.Neo4jExporterTests.ExportAsync_EdgesExportedWithCorrectRelationshipTypes [557 ms]
  Passed Graphify.Tests.ModelTests.ModelTests.GraphEdge_Construction_SetsRequiredProperties [32 ms]
  Passed Graphify.Tests.Security.InputValidatorTests.ValidateInput_ManyInjectionPatterns_ReturnsFailure [2 ms]
  Passed Graphify.Tests.Security.InputValidatorTests.ValidatePath_ValidPath_ReturnsSuccess [< 1 ms]
  Passed Graphify.Tests.Security.InputValidatorTests.ValidateInput_NullBytes_ReturnsFailure [< 1 ms]
  Passed Graphify.Tests.Security.InputValidatorTests.ValidatePath_PathTraversal_ReturnsFailure(path: "test\\..\\..\\sensitive") [< 1 ms]
  Passed Graphify.Tests.Pipeline.GraphBuilderTests.ExecuteAsync_ConfidenceMerge_KeepsHighest [5 ms]
  Passed Graphify.Tests.Security.InputValidatorTests.ValidatePath_PathTraversal_ReturnsFailure(path: "..\\..\\etc\\passwd") [< 1 ms]
  Passed Graphify.Tests.Security.InputValidatorTests.ValidatePath_PathTraversal_ReturnsFailure(path: "../../../etc/passwd") [< 1 ms]
  Passed Graphify.Tests.ModelTests.ModelTests.Confidence_HasExpectedValues(value: Ambiguous) [1 ms]
  Passed Graphify.Tests.Security.InputValidatorTests.ValidateInput_NormalSpecialChars_ReturnsSuccess [< 1 ms]
  Passed Graphify.Tests.Graph.KnowledgeGraphTests.GetEdges_ReturnsAllEdges [2 ms]
  Passed Graphify.Tests.Graph.KnowledgeGraphTests.AddNode_DuplicateId_ReplacesNode [< 1 ms]
  Passed Graphify.Tests.ModelTests.ModelTests.Confidence_HasExpectedValues(value: Extracted) [< 1 ms]
  Passed Graphify.Tests.ModelTests.ModelTests.Confidence_HasExpectedValues(value: Inferred) [< 1 ms]
  Passed Graphify.Tests.Security.InputValidatorTests.SanitizeLabel_CleanLabel_ReturnsUnchanged [< 1 ms]
  Passed Graphify.Tests.Graph.KnowledgeGraphTests.GetNode_NonExistentNode_ReturnsNull [< 1 ms]
  Passed Graphify.Tests.ModelTests.ModelTests.ExtractedNode_WithMetadata_PreservesValues [1 ms]
  Passed Graphify.Tests.Security.InputValidatorTests.ValidateInput_CleanInput_ReturnsSuccess [1 ms]
  Passed Graphify.Tests.Graph.KnowledgeGraphTests.MergeGraph_OverwritesDuplicateNodes [1 ms]
  Passed Graphify.Tests.Graph.KnowledgeGraphTests.AddEdge_NullEdge_ThrowsArgumentNullException [1 ms]
  Passed Graphify.Tests.Security.InputValidatorTests.ValidateInput_ExceedsMaxLength_ReturnsFailure [1 ms]
  Passed Graphify.Tests.Pipeline.GraphBuilderTests.ExecuteAsync_DuplicateNodes_AreMerged [5 ms]
  Passed Graphify.Tests.Security.InputValidatorTests.SanitizeLabel_ControlCharacters_RemovesControlChars [2 ms]
  Passed Graphify.Tests.Pipeline.FileDetectorTests.ExecuteAsync_HandlesNestedDirectories [34 ms]
  Passed Graphify.Tests.Export.SvgExporterTests.ExportAsync_EdgesRenderedAsLines [565 ms]
  Passed Graphify.Tests.Security.InputValidatorTests.ValidatePath_WithinBaseDirectory_ReturnsSuccess [1 ms]
  Passed Graphify.Tests.Regression.InputValidatorRegressionTests.SanitizeLabel_TabAndNewline_Handling_RegressionBug2 [27 ms]
  Passed Graphify.Tests.Pipeline.ReportGeneratorTests.Generate_IncludesTopConnectedNodes [565 ms]
  Passed Graphify.Tests.Security.InputValidatorTests.SanitizeLabel_HtmlTags_RemovesTags [2 ms]
  Passed Graphify.Tests.Pipeline.GraphBuilderTests.ExecuteAsync_MinEdgeWeight_FiltersLowWeightEdges [7 ms]
  Passed Graphify.Tests.Pipeline.ReportGeneratorTests.Generate_NullAnalysis_ThrowsArgumentNullException [1 ms]
  Passed Graphify.Tests.ModelTests.ModelTests.DetectedFile_Construction_AllProperties [11 ms]
  Passed Graphify.Tests.Pipeline.ReportGeneratorTests.Generate_IncludesKnowledgeGapsForIsolatedNodes [2 ms]
  Passed Graphify.Tests.ModelTests.ModelTests.GraphNode_WithExpression_CreatesModifiedCopy [1 ms]
  Passed Graphify.Tests.Pipeline.GraphBuilderTests.ExecuteAsync_EmptyInput_ReturnsEmptyGraph [2 ms]
  Passed Graphify.Tests.Graph.KnowledgeGraphTests.GetNodesByCommunity_ReturnsNodesInCommunity [11 ms]
  Passed Graphify.Tests.ModelTests.ModelTests.ExtractedEdge_CustomWeight [< 1 ms]
  Passed Graphify.Tests.Pipeline.ReportGeneratorTests.Generate_IncludesSurprisingConnections [< 1 ms]
  Passed Graphify.Tests.Graph.KnowledgeGraphTests.GetDegree_NonExistentNode_ReturnsZero [< 1 ms]
  Passed Graphify.Tests.Regression.InputValidatorRegressionTests.SanitizeLabel_MixedControlAndNormal_PreservesNormal_RegressionBug2 [6 ms]
  Passed Graphify.Tests.Pipeline.ReportGeneratorTests.Generate_EmptyGraph_ProducesValidReport [1 ms]
  Passed Graphify.Tests.Graph.KnowledgeGraphTests.AssignCommunities_UpdatesNodeCommunities [1 ms]
  Passed Graphify.Tests.Pipeline.ReportGeneratorTests.Generate_IncludesSuggestedQuestions [1 ms]
  Passed Graphify.Tests.Pipeline.ClusterEngineTests.ExecuteAsync_TwoClearCommunities_DetectsBoth [570 ms]
  Passed Graphify.Tests.Pipeline.ReportGeneratorTests.Generate_FromAnalyzedGraph_ProducesReport [< 1 ms]
  Passed Graphify.Tests.Export.Neo4jExporterTests.ExportAsync_SpecialCharactersInLabels_AreEscaped [20 ms]
  Passed Graphify.Tests.Pipeline.GraphBuilderTests.ExecuteAsync_MultipleExtractions_MergesGraph [4 ms]
  Passed Graphify.Tests.Graph.KnowledgeGraphTests.MergeGraph_NullGraph_ThrowsArgumentNullException [2 ms]
  Passed Graphify.Tests.Graph.KnowledgeGraphTests.AddEdge_MissingSourceNode_ReturnsFalse [1 ms]
  Passed Graphify.Tests.Graph.KnowledgeGraphTests.MergeGraph_AddsNodesAndEdges [1 ms]
  Passed Graphify.Tests.Pipeline.ReportGeneratorTests.Generate_IncludesGodNodes [4 ms]
  Passed Graphify.Tests.Pipeline.ClusterEngineTests.ExecuteAsync_EmptyGraph_ReturnsUnchanged [5 ms]
  Passed Graphify.Tests.Pipeline.GraphBuilderTests.ExecuteAsync_SingleExtraction_CreatesGraph [4 ms]
  Passed Graphify.Tests.Graph.KnowledgeGraphTests.UnderlyingGraph_ProvidesAccessToQuikGraph [1 ms]
  Passed Graphify.Tests.Graph.KnowledgeGraphTests.GetNodes_ReturnsAllNodes [< 1 ms]
  Passed Graphify.Tests.Graph.KnowledgeGraphTests.AddEdge_ValidEdge_IncreasesEdgeCount [< 1 ms]
  Passed Graphify.Tests.Graph.KnowledgeGraphTests.Constructor_InitializesEmptyGraph [< 1 ms]
  Passed Graphify.Tests.Export.SvgExporterTests.ExportAsync_ProducesValidSvgXml [18 ms]
  Passed Graphify.Tests.Pipeline.ReportGeneratorTests.Generate_NullGraph_ThrowsArgumentNullException [4 ms]
  Passed Graphify.Tests.Pipeline.ReportGeneratorTests.Generate_IncludesNodeAndEdgeCount [< 1 ms]
  Passed Graphify.Tests.ModelTests.ModelTests.ExtractionResult_WithSemanticMethod [11 ms]
  Passed Graphify.Tests.Pipeline.FileDetectorTests.ExecuteAsync_SkipsBinDirectory [20 ms]
  Passed Graphify.Tests.Pipeline.ReportGeneratorTests.Generate_IncludesCommunityCount [< 1 ms]
  Passed Graphify.Tests.ModelTests.ModelTests.GraphStatistics_AllProperties [2 ms]
  Passed Graphify.Tests.Regression.InputValidatorRegressionTests.SanitizeLabel_ControlChars_AllRemoved_RegressionBug2 [14 ms]
  Passed Graphify.Tests.ModelTests.ModelTests.ExtractionMethod_HasExpectedValues(value: Ast) [1 ms]
  Passed Graphify.Tests.Pipeline.GraphBuilderTests.ExecuteAsync_CreateFileNodes_AddsFileNodes [8 ms]
  Passed Graphify.Tests.Export.SvgExporterTests.ExportAsync_NullGraph_ThrowsArgumentNullException [5 ms]
  Passed Graphify.Tests.ModelTests.ModelTests.ExtractionMethod_HasExpectedValues(value: Semantic) [< 1 ms]
  Passed Graphify.Tests.ModelTests.ModelTests.ExtractionMethod_HasExpectedValues(value: Hybrid) [< 1 ms]
  Passed Graphify.Tests.ModelTests.ModelTests.FileCategory_HasExactlyThreeValues [1 ms]
  Passed Graphify.Tests.Regression.InputValidatorRegressionTests.SanitizeLabel_NullByte_Removed_RegressionBug2 [2 ms]
  Passed Graphify.Tests.ModelTests.ModelTests.FileType_HasExpectedValues(value: Image) [1 ms]
  Passed Graphify.Tests.Regression.InputValidatorRegressionTests.SanitizeLabel_EmptyInput_HandledGracefully_RegressionBug2 [2 ms]
  Passed Graphify.Tests.Pipeline.ClusterEngineTests.ExecuteAsync_IsolatedNodes_GetOwnCommunities [13 ms]
  Passed Graphify.Tests.ModelTests.ModelTests.FileType_HasExpectedValues(value: Code) [1 ms]
  Passed Graphify.Tests.ModelTests.ModelTests.FileType_HasExpectedValues(value: Document) [< 1 ms]
  Passed Graphify.Tests.ModelTests.ModelTests.FileType_HasExpectedValues(value: Paper) [< 1 ms]
  Passed Graphify.Tests.ModelTests.ModelTests.GraphEdge_DifferentRelationship_NotEqual [< 1 ms]
  Passed Graphify.Tests.Export.Neo4jExporterTests.ExportAsync_EmptyGraph_ProducesValidButEmptyOutput [19 ms]
  Passed Graphify.Tests.ModelTests.ModelTests.ExtractionResult_Construction_SetsDefaults [1 ms]
  Passed Graphify.Tests.Pipeline.FileDetectorTests.ExecuteAsync_EmptyDirectory_ReturnsEmpty [11 ms]
  Passed Graphify.Tests.ModelTests.ModelTests.ExtractedEdge_Construction_SetsRequiredProperties [< 1 ms]
  Passed Graphify.Tests.Regression.InputValidatorRegressionTests.SanitizeLabel_VeryLongInput_HandledGracefully_RegressionBug2 [4 ms]
  Passed Graphify.Tests.Export.Neo4jExporterTests.Format_ReturnsNeo4j [1 ms]
  Passed Graphify.Tests.Pipeline.ClusterEngineTests.ExecuteAsync_BridgeNode_ConnectsTwoCommunities [4 ms]
  Passed Graphify.Tests.Graph.KnowledgeGraphTests.GetHighestDegreeNodes_ReturnsTopNodes [16 ms]
  Passed Graphify.Tests.Pipeline.FileDetectorTests.ExecuteAsync_NonExistentDirectory_ThrowsDirectoryNotFoundException [4 ms]
  Passed Graphify.Tests.ModelTests.ModelTests.ExtractedNode_RecordEquality [4 ms]
  Passed Graphify.Tests.Regression.InputValidatorRegressionTests.SanitizeLabel_OnlyControlChars_ReturnsClean_RegressionBug2 [4 ms]
  Passed Graphify.Tests.Pipeline.ExtractorTests.ExecuteAsync_MultipleClasses_AllExtracted [604 ms]
  Passed Graphify.Tests.Pipeline.ClusterEngineTests.ExecuteAsync_SingleCommunity_AllConnected [3 ms]
  Passed Graphify.Tests.Export.SvgExporterTests.ExportAsync_EmptyGraph_ProducesValidEmptySvg [12 ms]
  Passed Graphify.Tests.Pipeline.ClusterEngineTests.CalculateCohesion_NoEdges_ReturnsZero [1 ms]
  Passed Graphify.Tests.ModelTests.ModelTests.SurprisingConnection_Construction [5 ms]
  Passed Graphify.Tests.ModelTests.ModelTests.GraphNode_DifferentIds_NotEqual [< 1 ms]
  Passed Graphify.Tests.Pipeline.ClusterEngineTests.CalculateModularity_FullyConnectedGraph_ReturnsValue [3 ms]
  Passed Graphify.Tests.Pipeline.ClusterEngineTests.CalculateCohesion_SingleNode_ReturnsOne [< 1 ms]
  Passed Graphify.Tests.Export.Neo4jExporterTests.ExportAsync_FileOutputWritesToDisk [10 ms]
  Passed Graphify.Tests.Pipeline.ClusterEngineTests.ExecuteAsync_SingleNode_GetsCommunity [2 ms]
  Passed Graphify.Tests.Pipeline.AnalyzerTests.ExecuteAsync_NoSignal_ReturnsNoSignalQuestion [606 ms]
  Passed Graphify.Tests.Pipeline.ClusterEngineTests.CalculateCohesion_FullyConnected_ReturnsOne [< 1 ms]
  Passed Graphify.Tests.ModelTests.ModelTests.DetectedFile_RecordEquality [4 ms]
  Passed Graphify.Tests.ModelTests.ModelTests.GraphNode_Construction_SetsRequiredProperties [< 1 ms]
  Passed Graphify.Tests.Export.Neo4jExporterTests.ExportAsync_EmptyOutputPath_ThrowsArgumentException [4 ms]
  Passed Graphify.Tests.Pipeline.AnalyzerTests.ExecuteAsync_GodNodeDetection_FindsHighestDegree [2 ms]
  Passed Graphify.Tests.Pipeline.FileDetectorTests.ExecuteAsync_ResultsAreSortedByRelativePath [12 ms]
  Passed Graphify.Tests.Pipeline.ExtractorTests.ExecuteAsync_UnsupportedLanguage_ReturnsEmptyResult [12 ms]
  Passed Graphify.Tests.Export.SvgExporterTests.ExportAsync_NodesRenderedAsCircles [11 ms]
  Passed Graphify.Tests.Pipeline.AnalyzerTests.ExecuteAsync_TopGodNodesCount_LimitsResults [1 ms]
  Passed Graphify.Tests.ModelTests.ModelTests.GraphReport_Construction [3 ms]
  Passed Graphify.Tests.ModelTests.ModelTests.Confidence_HasExactlyThreeValues [< 1 ms]
  Passed Graphify.Tests.Pipeline.AnalyzerTests.ExecuteAsync_Statistics_CalculatedCorrectly [< 1 ms]
  Passed Graphify.Tests.Export.Neo4jExporterTests.ExportAsync_NullGraph_ThrowsArgumentNullException [2 ms]
  Passed Graphify.Tests.Pipeline.AnalyzerTests.ExecuteAsync_EmptyGraph_ReturnsEmptyAnalysis [1 ms]
  Passed Graphify.Tests.ModelTests.ModelTests.Community_WithCohesionScore [3 ms]
  Passed Graphify.Tests.ModelTests.ModelTests.ExtractedEdge_DefaultWeight_IsOne [< 1 ms]
  Passed Graphify.Tests.ModelTests.ModelTests.AnalysisResult_Construction [< 1 ms]
  Passed Graphify.Tests.ModelTests.ModelTests.FileType_HasExactlyFourValues [< 1 ms]
  Passed Graphify.Tests.Pipeline.AnalyzerTests.ExecuteAsync_IsolatedNodes_DetectedInQuestions [4 ms]
  Passed Graphify.Tests.ModelTests.ModelTests.GodNode_Construction [< 1 ms]
  Passed Graphify.Tests.Export.ObsidianExporterTests.ExportAsync_IndexFileContainsStatistics [74 ms]
  Passed Graphify.Tests.Export.ObsidianExporterTests.ExportAsync_NullGraph_ThrowsArgumentNullException [2 ms]
  Passed Graphify.Tests.Export.SvgExporterTests.ExportAsync_NodeTitlesIncludeLabel [10 ms]
  Passed Graphify.Tests.Pipeline.FileDetectorTests.ExecuteAsync_DetectsLanguageFromExtension(extension: ".java", expectedLanguage: "Java") [10 ms]
  Passed Graphify.Tests.Export.SvgExporterTests.Format_ReturnsSvg [1 ms]
  Passed Graphify.Tests.Pipeline.FileDetectorTests.ExecuteAsync_DetectsLanguageFromExtension(extension: ".py", expectedLanguage: "Python") [3 ms]
  Passed Graphify.Tests.Pipeline.FileDetectorTests.ExecuteAsync_DetectsLanguageFromExtension(extension: ".js", expectedLanguage: "JavaScript") [2 ms]
  Passed Graphify.Tests.Export.SvgExporterTests.ExportAsync_CommunityColorsApplied [6 ms]
  Passed Graphify.Tests.Pipeline.AnalyzerTests.ExecuteAsync_CrossFileSurprises_DetectedWithMultipleSources [12 ms]
  Passed Graphify.Tests.Export.ObsidianExporterTests.ExportAsync_CommunityAssignment_IncludedInFrontmatter [9 ms]
  Passed Graphify.Tests.Pipeline.ExtractorTests.ExecuteAsync_PythonFunctionAndClass_ExtractsCorrectly [20 ms]
  Passed Graphify.Tests.Pipeline.AnalyzerTests.ExecuteAsync_SurprisingConnections_FindsCrossCommunity [1 ms]
  Passed Graphify.Tests.Pipeline.FileDetectorTests.ExecuteAsync_DetectsLanguageFromExtension(extension: ".rs", expectedLanguage: "Rust") [3 ms]
  Passed Graphify.Tests.Export.Neo4jExporterTests.ExportAsync_NodesExportedWithCorrectLabelsAndProperties [21 ms]
  Passed Graphify.Tests.Pipeline.AnalyzerTests.ExecuteAsync_BridgeNodes_DetectedInQuestions [2 ms]
  Passed Graphify.Tests.Pipeline.FileDetectorTests.ExecuteAsync_DetectsLanguageFromExtension(extension: ".ts", expectedLanguage: "TypeScript") [3 ms]
  Passed Graphify.Tests.Pipeline.AnalyzerTests.ExecuteAsync_SuggestedQuestions_Generated [1 ms]
  Passed Graphify.Tests.Export.ObsidianExporterTests.ExportAsync_NodeWithNoConnections_ShowsNoConnectionsMessage [8 ms]
  Passed Graphify.Tests.Pipeline.FileDetectorTests.ExecuteAsync_DetectsLanguageFromExtension(extension: ".go", expectedLanguage: "Go") [3 ms]
  Passed Graphify.Tests.Export.ObsidianExporterTests.Format_ReturnsObsidian [1 ms]
  Passed Graphify.Tests.Export.SvgExporterTests.ExportAsync_SpecialCharsInLabel_AreXmlEscaped [17 ms]
  Passed Graphify.Tests.Pipeline.FileDetectorTests.ExecuteAsync_FiltersByExtension [7 ms]
  Passed Graphify.Tests.Export.ObsidianExporterTests.ExportAsync_CreatesOutputDirectory [7 ms]
  Passed Graphify.Tests.Pipeline.ExtractorTests.ExecuteAsync_JavaScript_ExtractsCorrectly [18 ms]
  Passed Graphify.Tests.Export.Neo4jExporterTests.ExportAsync_NodeWithCommunity_IncludesCommunityProperty [17 ms]
  Passed Graphify.Tests.Pipeline.FileDetectorTests.ExecuteAsync_CategorizesPngAsMedia [6 ms]
  Passed Graphify.Tests.Export.SvgExporterTests.ExportAsync_SvgHasProperViewBoxAndDimensions [7 ms]
  Passed Graphify.Tests.Export.WikiExporterTests.ExportAsync_CommunityArticleContainsAuditTrail [192 ms]
  Passed Graphify.Tests.Pipeline.ExtractorTests.ExecuteAsync_CSharpUsings_ExtractsImports [7 ms]
  Passed Graphify.Tests.Export.ObsidianExporterTests.ExportAsync_LinksBetweenNodesUseWikiLinkSyntax [8 ms]
  Passed Graphify.Tests.Export.Neo4jExporterTests.ExportAsync_ValidGraph_ProducesValidCypher [6 ms]
  Passed Graphify.Tests.Export.SvgExporterTests.ExportAsync_HasStyleDefinitions [7 ms]
  Passed Graphify.Tests.Pipeline.FileDetectorTests.ExecuteAsync_SetsCorrectRelativePath [7 ms]
  Passed Graphify.Tests.Pipeline.ExtractorTests.ExecuteAsync_SourceLocations_ArePopulated [7 ms]
  Passed Graphify.Tests.Export.Neo4jExporterTests.ExportAsync_CreatesIndexStatements [6 ms]
  Passed Graphify.Tests.Export.ObsidianExporterTests.ExportAsync_NodeMetadataIncludedInFrontmatter [18 ms]
  Passed Graphify.Tests.Export.WikiExporterTests.ExportAsync_CreatesIndexFile [21 ms]
  Passed Graphify.Tests.Export.SvgExporterTests.ExportAsync_IncludesLegendWithStats [17 ms]
  Passed Graphify.Tests.Pipeline.FileDetectorTests.ExecuteAsync_SkipsHiddenFiles [17 ms]
  Passed Graphify.Tests.Pipeline.ExtractorTests.ExecuteAsync_EmptyFile_ReturnsMinimalResult [6 ms]
  Passed Graphify.Tests.Export.ObsidianExporterTests.ExportAsync_CreatesMarkdownFilePerNode [7 ms]
  Passed Graphify.Tests.Pipeline.FileDetectorTests.ExecuteAsync_ExcludesPatterns [6 ms]
  Passed Graphify.Tests.Pipeline.ExtractorTests.ExecuteAsync_CSharpClass_ExtractsClassAndMethods [5 ms]
  Passed Graphify.Tests.Pipeline.FileDetectorTests.ExecuteAsync_CategorizesMarkdownAsDocumentation [4 ms]
  Passed Graphify.Tests.Export.Neo4jExporterTests.ExportAsync_EmptyNodeType_SanitizedToNode [18 ms]
  Passed Graphify.Tests.Export.WikiExporterTests.ExportAsync_IndexShowsGodNodes [20 ms]
  Passed Graphify.Tests.Pipeline.FileDetectorTests.ExecuteAsync_SkipsUnsupportedExtensions [7 ms]
  Passed Graphify.Tests.Export.WikiExporterTests.ExportAsync_EmptyGraph_ProducesValidIndex [5 ms]
  Passed Graphify.Tests.Pipeline.FileDetectorTests.ExecuteAsync_SetsCorrectFilePath [4 ms]
  Passed Graphify.Tests.Pipeline.FileDetectorTests.ExecuteAsync_CategorizesCSharpAsCode [4 ms]
  Passed Graphify.Tests.Export.WikiExporterTests.ExportAsync_GodNodeArticlesCreated [8 ms]
  Passed Graphify.Tests.Pipeline.FileDetectorTests.ExecuteAsync_SetsCorrectSizeBytes [4 ms]
  Passed Graphify.Tests.Pipeline.FileDetectorTests.ExecuteAsync_DiscoversSupportedFiles [5 ms]
  Passed Graphify.Tests.Export.WikiExporterTests.ExportAsync_CommunityArticlesCreated [8 ms]
  Passed Graphify.Tests.Export.WikiExporterTests.ExportAsync_EmptyPath_ThrowsArgumentException [1 ms]
  Passed Graphify.Tests.Pipeline.FileDetectorTests.ExecuteAsync_RespectsMaxFileSize [5 ms]
  Passed Graphify.Tests.Export.WikiExporterTests.ExportAsync_InternalLinksBetweenNodes [8 ms]
  Passed Graphify.Tests.Export.WikiExporterTests.Format_ReturnsWiki [< 1 ms]
  Passed Graphify.Tests.Export.WikiExporterTests.ExportAsync_IndexContainsTableOfContents [8 ms]
  Passed Graphify.Tests.Export.WikiExporterTests.ExportAsync_CommunityArticleContainsKeyConcepts [8 ms]
  Passed Graphify.Tests.Export.WikiExporterTests.ExportAsync_NullGraph_ThrowsArgumentNullException [1 ms]
  Passed Graphify.Tests.Regression.TimeoutRegressionTests.SemaphoreSlim_DoubleAcquire_DetectedByTimeout_RegressionBug3 [962 ms]
  Passed Graphify.Tests.Regression.TimeoutRegressionTests.AllAsyncTests_HaveTimeoutAttribute_RegressionBug3 [3 ms]
  Passed Graphify.Tests.Ingest.UrlIngesterTests.IngestAsync_EmptyUrl_ThrowsArgumentException [1 s]
  Passed Graphify.Tests.Ingest.UrlIngesterTests.IngestAsync_InvalidUrl_ThrowsArgumentException [1 ms]
  Passed Graphify.Tests.Ingest.UrlIngesterTests.IngestToFileAsync_WithAuthor_IncludesContributor [21 ms]
  Passed Graphify.Tests.Ingest.UrlIngesterTests.IngestAsync_WebpageContent_IncludesFrontmatter [2 ms]
  Passed Graphify.Tests.Ingest.UrlIngesterTests.IngestAsync_HttpError_Throws [2 ms]
  Passed Graphify.Tests.Ingest.UrlIngesterTests.IngestAsync_LocalhostUrl_ThrowsArgumentException [1 ms]
  Passed Graphify.Tests.Pipeline.SemanticExtractorTests.ExecuteAsync_JsonInMarkdownCodeBlock_ParsedCorrectly [1 s]
  Passed Graphify.Tests.Ingest.UrlIngesterTests.IngestAsync_ValidUrl_ReturnsContent [1 ms]
  Passed Graphify.Tests.Pipeline.SemanticExtractorTests.ExecuteAsync_DisabledCategory_ReturnsEmpty [2 ms]
  Passed Graphify.Tests.Ingest.UrlIngesterTests.IngestToFileAsync_CreatesFile [12 ms]
  Passed Graphify.Tests.Ingest.UrlIngesterTests.IngestAsync_PrivateIp_ThrowsArgumentException [1 ms]
  Passed Graphify.Tests.Ingest.UrlIngesterTests.IngestAsync_FtpScheme_ThrowsArgumentException [1 ms]
  Passed Graphify.Tests.Ingest.UrlIngesterTests.IngestAsync_GitHubUrl_DetectedAsRepo [1 ms]
  Passed Graphify.Tests.Ingest.UrlIngesterTests.IngestAsync_NullUrl_ThrowsArgumentNullException [1 ms]
  Passed Graphify.Tests.Sdk.ChatClientFactoryTests.Create_Ollama_WithDefaults_ReturnsClient [666 ms]
  Passed Graphify.Tests.Cli.ChatClientResolverTests.Resolve_OllamaProvider_IsCaseInsensitive(providerValue: "OLLAMA") [742 ms]
  Passed Graphify.Tests.Cli.PipelineRunnerTests.Constructor_WithChatClient_IsAccepted [1 s]
  Passed Graphify.Tests.Cli.ChatClientResolverTests.Resolve_OllamaProvider_IsCaseInsensitive(providerValue: "ollama") [< 1 ms]
  Passed Graphify.Tests.Cli.ChatClientResolverTests.Resolve_OllamaProvider_IsCaseInsensitive(providerValue: "Ollama") [< 1 ms]
  Passed Graphify.Tests.Sdk.ChatClientFactoryTests.AiProvider_HasExactlyThreeValues [< 1 ms]
  Passed Graphify.Tests.Cli.ChatClientResolverTests.Resolve_NullProvider_ReturnsNull [< 1 ms]
  Passed Graphify.Tests.Cli.PipelineRunnerTests.Constructor_NullOutput_ThrowsArgumentNullException [< 1 ms]
  Passed Graphify.Tests.Sdk.ChatClientFactoryTests.Create_AzureOpenAI_MissingEndpoint_Throws [< 1 ms]
  Passed Graphify.Tests.Cli.PipelineRunnerTests.Constructor_DefaultParameters_ChatClientIsOptional [< 1 ms]
  Passed Graphify.Tests.Cli.PipelineRunnerTests.Constructor_NullChatClient_IsAccepted [< 1 ms]
  Passed Graphify.Tests.Cli.ChatClientResolverTests.Resolve_UnknownProvider_ThrowsInvalidOperationException [< 1 ms]
  Passed Graphify.Tests.Cli.ChatClientResolverTests.Resolve_AzureOpenAI_MissingApiKey_Throws [< 1 ms]
  Passed Graphify.Tests.Cli.ChatClientResolverTests.Resolve_AzureOpenAI_MissingDeploymentName_Throws [2 ms]
  Passed Graphify.Tests.Pipeline.SemanticExtractorTests.ExecuteAsync_HandlesAiResponseParsingFailure [64 ms]
  Passed Graphify.Tests.Cli.ChatClientResolverTests.Resolve_OllamaProvider_ReturnsNonNullClient [< 1 ms]
  Passed Graphify.Tests.Cli.ChatClientResolverTests.Resolve_EmptyProvider_ReturnsNull [< 1 ms]
  Passed Graphify.Tests.Sdk.ChatClientFactoryTests.AiProviderOptions_RecordEquality_WorksCorrectly [6 ms]
  Passed Graphify.Tests.Sdk.ChatClientFactoryTests.Create_UnknownProvider_ThrowsArgumentException [5 ms]
  Passed Graphify.Tests.Sdk.ChatClientFactoryTests.AiProviderOptions_Ollama_ConstructionWorks [< 1 ms]
  Passed Graphify.Tests.Sdk.CopilotChatClientTests.GetService_CopilotClientType_ReturnsUnderlyingClient [1 s]
  Passed Graphify.Tests.Sdk.CopilotChatClientTests.Constructor_DefaultModelId_IsGpt41 [< 1 ms]
  Passed Graphify.Tests.Sdk.CopilotChatClientTests.GetService_WithServiceKey_ReturnsNull [< 1 ms]
  Passed Graphify.Tests.Sdk.CopilotChatClientTests.Constructor_NullCopilotClient_ThrowsArgumentNullException [1 ms]
  Passed Graphify.Tests.Sdk.CopilotChatClientTests.CopilotChatClient_ImplementsIAsyncDisposable [1 ms]
  Passed Graphify.Tests.Sdk.CopilotChatClientTests.CopilotChatClient_ImplementsIChatClient [< 1 ms]
  Passed Graphify.Tests.Sdk.CopilotChatClientTests.GetService_IChatClientType_ReturnsNull [< 1 ms]
  Passed Graphify.Tests.Sdk.CopilotChatClientTests.CopilotChatClient_ImplementsIDisposable [< 1 ms]
  Passed Graphify.Tests.Sdk.CopilotChatClientTests.Constructor_ValidClient_DoesNotThrow [< 1 ms]
  Passed Graphify.Tests.Sdk.CopilotChatClientTests.Constructor_NullCopilotClient_WithModelId_ThrowsArgumentNullException [< 1 ms]
  Passed Graphify.Tests.Sdk.CopilotChatClientTests.GetService_UnknownType_ReturnsNull [< 1 ms]
  Passed Graphify.Tests.Pipeline.SemanticExtractorTests.ExecuteAsync_DocumentationCategory_Processed [25 ms]
  Passed Graphify.Tests.Sdk.CopilotChatClientTests.DisposeAsync_OwnsClientFalse_DoesNotDisposeCopilotClient [2 ms]
  Passed Graphify.Tests.Sdk.CopilotChatClientTests.Dispose_OwnsClientFalse_DoesNotDisposeCopilotClient [1 ms]
  Passed Graphify.Tests.Pipeline.SemanticExtractorTests.ExecuteAsync_WithNullClient_ReturnsEmptyResult [2 ms]
  Passed Graphify.Tests.Export.JsonExporterTests.ExportAsync_EmptyGraph_ProducesValidJson [1 s]
  Passed Graphify.Tests.Pipeline.SemanticExtractorTests.ExecuteAsync_SourceFilePathPreserved [6 ms]
  Passed Graphify.Tests.Export.RelativePathHandlingTests.EmptyFilePath_HandledGracefully [1 s]
  Passed Graphify.Tests.Regression.SemanticCacheRegressionTests.SaveAsync_CalledExternally_NoDeadlock_RegressionBug1 [1 s]
  Passed Graphify.Tests.Pipeline.SemanticExtractorTests.ExecuteAsync_WithMockClient_ReturnsParsedNodesAndEdges [13 ms]
  Passed Graphify.Tests.Pipeline.SemanticExtractorTests.ExecuteAsync_RespectsCancellationToken [2 ms]
  Passed Graphify.Tests.Pipeline.SemanticExtractorTests.ExecuteAsync_FileSizeExceedsLimit_ReturnsEmpty [1 ms]
  Passed Graphify.Tests.Cache.SemanticCacheTests.IsChangedAsync_ModifiedFile_ReturnsTrue [699 ms]
  Passed Graphify.Tests.Pipeline.BenchmarkRunnerTests.RunAsync_WithValidGraphFile_ReturnsMetrics [1 s]
  Passed Graphify.Tests.Export.JsonExporterTests.ExportAsync_RoundTrip_PreservesData [23 ms]
  Passed Graphify.Tests.Export.RelativePathHandlingTests.PathNormalization_WindowsPaths_ConvertedCorrectly [22 ms]
  Passed Graphify.Tests.Pipeline.BenchmarkRunnerTests.PrintBenchmark_NullWriter_ThrowsArgumentNullException [3 ms]
  Passed Graphify.Tests.Export.JsonExporterTests.ExportAsync_Format_ReturnsJson [2 ms]
  Passed Graphify.Tests.Pipeline.BenchmarkRunnerTests.RunAsync_InvalidJson_ReturnsError [7 ms]
  Passed Graphify.Tests.Export.HtmlExporterTests.ExportAsync_ValidHtmlStructure_Present [1 s]
  Passed Graphify.Tests.Security.ExportSecurityTests.HtmlExporter_SingleQuoteInLabel_IsEscaped [1 s]
  Passed Graphify.Tests.Pipeline.BenchmarkRunnerTests.RunAsync_TokenReductionCalculation_IsPositive [7 ms]
  Passed Graphify.Tests.Pipeline.BenchmarkRunnerTests.PrintBenchmark_NullResult_ThrowsArgumentNullException [2 ms]
  Passed Graphify.Tests.Export.JsonExporterTests.ExportAsync_ValidGraph_ProducesValidJson [19 ms]
  Passed Graphify.Tests.Pipeline.BenchmarkRunnerTests.RunAsync_NullPath_ThrowsArgumentException [2 ms]
  Passed Graphify.Tests.Export.RelativePathHandlingTests.FilePathsOutsideProjectRoot_StillRelative [22 ms]
  Passed Graphify.Tests.Regression.EdgeCaseTests.SemanticCache_ConcurrentWrites_ThreadSafe [1 s]
  Passed Graphify.Tests.Pipeline.BenchmarkRunnerTests.RunAsync_CustomQuestions_AreUsed [8 ms]
  Passed Graphify.Tests.Pipeline.BenchmarkRunnerTests.RunAsync_WithMissingFile_ReturnsError [2 ms]
  Passed Graphify.Tests.Pipeline.BenchmarkRunnerTests.PrintBenchmark_FormatsOutputCorrectly [2 ms]
  Passed Graphify.Tests.Pipeline.BenchmarkRunnerTests.PrintBenchmark_WithError_PrintsErrorMessage [1 ms]
  Passed Graphify.Tests.Security.ExportSecurityTests.Neo4jExporter_CypherInjectionPayload_IsNeutralized [24 ms]
  Passed Graphify.Tests.Export.JsonExporterTests.ExportAsync_CommunityAssignments_Exported [19 ms]
  Passed Graphify.Tests.Regression.EdgeCaseTests.SemanticCache_ConcurrentReads_ThreadSafe [14 ms]
  Passed Graphify.Tests.Export.RelativePathHandlingTests.OutputDirWithinProjectRoot_RelativePathsCorrect [23 ms]
  Passed Graphify.Tests.Regression.EdgeCaseTests.Extractor_WithBinaryFile_ReturnsEmptyResult [7 ms]
  Passed Graphify.Tests.Regression.EdgeCaseTests.KnowledgeGraph_AddEdge_WithMissingNodes_ReturnsFalse [2 ms]
  Passed Graphify.Tests.Regression.EdgeCaseTests.KnowledgeGraph_AddDuplicateNode_IsIdempotent [1 ms]
  Passed Graphify.Tests.Regression.EdgeCaseTests.KnowledgeGraph_AddNode_WithNullLabel_Throws [2 ms]
  Passed Graphify.Tests.Export.HtmlExporterTests.ExportAsync_Html_ContainsVisJsCdn [44 ms]
  Passed Graphify.Tests.Export.JsonExporterTests.ExportAsync_NodeMetadata_Preserved [22 ms]
  Passed Graphify.Tests.Export.HtmlExporterTests.ExportAsync_CreatesDirectory_IfNotExists [7 ms]
  Passed Graphify.Tests.Cache.SemanticCacheTests.CacheResultAsync_AndRetrieve_ReturnsOriginalData [73 ms]
  Passed Graphify.Tests.Export.RelativePathHandlingTests.JsonExport_NodeFilePaths_CorrectlyNormalized [22 ms]
  Passed Graphify.Tests.Cache.SemanticCacheTests.ComputeHashAsync_NonExistentFile_ThrowsFileNotFoundException [3 ms]
? Configuration saved to: 
C:\src\graphify-dotnet\src\tests\Graphify.Tests\bin\Release\net10.0\appsettings.
local.json
   (API keys are stored separately in user-secrets, not in this file)
  Passed Graphify.Tests.Regression.EdgeCaseTests.FileDetector_WithNestedDirs_DoesNotHang [16 ms]
  Passed Graphify.Tests.Regression.EdgeCaseTests.KnowledgeGraph_AddNode_WithEmptyLabel_DoesNotCrash [2 ms]
  Passed Graphify.Tests.Regression.EdgeCaseTests.Extractor_WithEmptyFile_ReturnsEmptyResult [4 ms]
  Passed Graphify.Tests.Export.JsonExporterTests.ExportAsync_NodeAndEdgeCounts_Match [18 ms]
  Passed Graphify.Tests.Export.JsonExporterTests.ExportAsync_CreatesDirectory_IfNotExists [5 ms]
  Passed Graphify.Tests.Security.ExportSecurityTests.HtmlExporter_ComplexXssPayload_IsNeutralized [50 ms]
  Passed Graphify.Tests.Export.RelativePathHandlingTests.MultipleExports_ProduceSamePaths [23 ms]
  Passed Graphify.Tests.Cache.SemanticCacheTests.GetCachedResultAsync_CorruptCache_ReturnsNull [26 ms]
  Passed Graphify.Tests.Cache.SemanticCacheTests.SetAsync_AndGetAsync_RoundTrip [10 ms]
  Passed Graphify.Tests.Export.JsonExporterTests.ExportAsync_LargeGraph_Completes [23 ms]
  Passed Graphify.Tests.Cache.SemanticCacheTests.ExistsAsync_NonExistentKey_ReturnsFalse [3 ms]
  Passed Graphify.Tests.Export.HtmlExporterTests.ExportAsync_EmptyGraph_ProducesValidHtml [50 ms]
  Passed Graphify.Tests.Export.RelativePathHandlingTests.JsonExport_MultipleOutputLocations_PreservesRelativePaths [25 ms]
  Passed Graphify.Tests.Export.JsonExporterTests.ExportAsync_EdgeConfidence_Exported [18 ms]
  Passed Graphify.Tests.Cache.SemanticCacheTests.InvalidateAsync_RemovesEntry [22 ms]
  Passed Graphify.Tests.Security.ExportSecurityTests.HtmlExporter_ScriptTagInNodeLabel_IsEscaped [46 ms]
  Passed Graphify.Tests.Export.RelativePathHandlingTests.SpecialCharactersInPaths_HandledCorrectly [20 ms]
  Passed Graphify.Tests.Cache.SemanticCacheTests.IsChangedAsync_UnchangedFile_ReturnsFalse [8 ms]
  Passed Graphify.Tests.Cache.SemanticCacheTests.IsChangedAsync_DeletedFile_ReturnsTrue [7 ms]
  Passed Graphify.Tests.Export.HtmlExporterTests.ExportAsync_WithCommunityLabels_IncludesLabels [46 ms]
  Passed Graphify.Tests.Cache.SemanticCacheTests.ComputeHashAsync_SameContent_ReturnsSameHash [7 ms]
  Passed Graphify.Tests.Export.RelativePathHandlingTests.DeeplyNestedDirectories_RelativePathsMaintained [24 ms]
  Passed Graphify.Tests.Cache.SemanticCacheTests.CacheRecovery_LoadsExistingIndex [24 ms]
  Passed Graphify.Tests.Security.ExportSecurityTests.HtmlTemplate_EventHandlerPayload_IsNeutralized [54 ms]
  Passed Graphify.Tests.Export.HtmlExporterTests.ExportAsync_Html_ContainsEdgeData [52 ms]
  Passed Graphify.Tests.Export.RelativePathHandlingTests.HtmlExport_SourceFileInfo_IsRelative [53 ms]
  Passed Graphify.Tests.Cache.SemanticCacheTests.ClearAsync_RemovesAllEntries [43 ms]
  Passed Graphify.Tests.Export.RelativePathHandlingTests.PathNormalization_UnixPaths_ConvertedCorrectly [19 ms]
  Passed Graphify.Tests.Security.ExportSecurityTests.HtmlExporter_AmpersandInLabel_IsEscaped [48 ms]
  Passed Graphify.Tests.Cache.SemanticCacheTests.GetCachedResultAsync_MissingResultFile_ReturnsNull [22 ms]
  Passed Graphify.Tests.Cache.SemanticCacheTests.IsChangedAsync_NotCached_ReturnsTrue [5 ms]
  Passed Graphify.Tests.Export.HtmlExporterTests.ExportAsync_NodeSizes_ProportionalToDegree [46 ms]
  Passed Graphify.Tests.Export.RelativePathHandlingTests.JsonExport_NodeFilePaths_AreRelative [23 ms]
  Passed Graphify.Tests.Cache.SemanticCacheTests.ExistsAsync_ExistingKey_ReturnsTrue [6 ms]
  Passed Graphify.Tests.Security.ExportSecurityTests.HtmlTemplate_NodeLabel_UsesTextContent [45 ms]
  Passed Graphify.Tests.Export.HtmlExporterTests.ExportAsync_LargeGraph_ThrowsException [29 ms]
  Passed Graphify.Tests.Security.ExportSecurityTests.Neo4jExporter_EscapeCypher_EscapesAllDangerousChars [19 ms]
  Passed Graphify.Tests.Export.RelativePathHandlingTests.HtmlExport_EmbeddedPaths_AreRelative [47 ms]
  Passed Graphify.Tests.Security.ExportSecurityTests.Neo4jExporter_SingleQuoteInLabel_IsEscaped [17 ms]
?? API key stored securely via dotnet user-secrets.
? Configuration saved to: 
C:\src\graphify-dotnet\src\tests\Graphify.Tests\bin\Release\net10.0\appsettings.
local.json
   (API keys are stored separately in user-secrets, not in this file)
  Passed Graphify.Tests.Export.RelativePathHandlingTests.PathNormalization_MixedPathSeparators_Handled [17 ms]
  Passed Graphify.Tests.Export.HtmlExporterTests.ExportAsync_Html_ContainsNodeData [45 ms]
  Passed Graphify.Tests.Export.RelativePathHandlingTests.JsonExport_EdgeMetadata_PreservesRelativePaths [19 ms]
  Passed Graphify.Tests.Security.ExportSecurityTests.HtmlExporter_AngleBracketsInLabel_AreEscaped [43 ms]
  Passed Graphify.Tests.Export.HtmlExporterTests.ExportAsync_StatisticsEmbedded_InHtml [41 ms]
  Passed Graphify.Tests.Security.SecurityHardeningTests.ConfigPersistence_BuildSerializableConfig_ExcludesApiKey [1 s]
  Passed Graphify.Tests.Security.SecurityHardeningTests.SemanticCache_DirectoryCreated_HasRestrictedPermissions [< 1 ms]
  Passed Graphify.Tests.Security.SecurityHardeningTests.LlmResponseValidator_ValidJson_ReturnsResult [< 1 ms]
??  Could not load config: 't' is an invalid start of a property name. Expected 
a '"'. LineNumber: 0 | BytePositionInLine: 2.
  Passed Graphify.Tests.Security.SecurityHardeningTests.LlmResponseValidator_ScriptTagInNodeLabel_IsSanitized [< 1 ms]
  Passed Graphify.Tests.Security.SecurityHardeningTests.LlmResponseValidator_InvalidJson_ReturnsNull [< 1 ms]
  Passed Graphify.Tests.Security.SecurityHardeningTests.LlmResponseValidator_EmptyResponse_ReturnsNull [< 1 ms]
  Passed Graphify.Tests.Security.SecurityHardeningTests.ConfigPersistence_CorruptJson_LogsWarning [4 ms]
  Passed Graphify.Tests.Export.HtmlExporterTests.ExportAsync_LegendData_Included [36 ms]
  Passed Graphify.Tests.Export.HtmlExporterTests.ExportAsync_Format_ReturnsHtml [1 ms]
  Passed Graphify.Tests.Export.HtmlExporterTests.ExportAsync_CommunityColors_Applied [37 ms]
  Passed Graphify.Tests.Export.HtmlExporterTests.ExportAsync_ConfidenceLevels_RenderedDifferently [32 ms]
? Configuration saved to: 
C:\src\graphify-dotnet\src\tests\Graphify.Tests\bin\Release\net10.0\appsettings.
local.json
   (API keys are stored separately in user-secrets, not in this file)
?? API key stored securely via dotnet user-secrets.
? Configuration saved to: 
C:\src\graphify-dotnet\src\tests\Graphify.Tests\bin\Release\net10.0\appsettings.
local.json
   (API keys are stored separately in user-secrets, not in this file)
  Passed Graphify.Tests.Cli.ConfigPersistenceTests.Save_Ollama_DoesNotIncludeAzureOrCopilotSdkFields [1 s]
  Passed Graphify.Tests.Export.HtmlExporterTests.ExportAsync_ValidGraph_ProducesHtmlFile [32 ms]
  Passed Graphify.Tests.Security.SecurityHardeningTests.ConfigPersistence_Save_DoesNotWriteApiKeyToFile [380 ms]
  Passed Graphify.Tests.Security.SecurityHardeningTests.ConfigPersistence_ValidJson_LoadsSuccessfully [2 ms]
  Passed Graphify.Tests.Security.SecurityHardeningTests.ErrorMessage_NonVerbose_DoesNotLeakDetails [< 1 ms]
  Passed Graphify.Tests.Security.SecurityHardeningTests.LlmResponseValidator_MalformedSchema_ReturnsNull [< 1 ms]
  Passed Graphify.Tests.Security.SecurityHardeningTests.LlmResponseValidator_ExcessivelyLongLabel_IsTruncated [< 1 ms]
  Passed Graphify.Tests.Cli.CopilotSdkConfigTests.Resolve_CopilotSdkProvider_IsRecognized_NotUnknown(providerValue: "CopilotSdk") [1 s]
?? API key stored securely via dotnet user-secrets.
? Configuration saved to: 
C:\src\graphify-dotnet\src\tests\Graphify.Tests\bin\Release\net10.0\appsettings.
local.json
   (API keys are stored separately in user-secrets, not in this file)
? Configuration saved to: 
C:\src\graphify-dotnet\src\tests\Graphify.Tests\bin\Release\net10.0\appsettings.
local.json
   (API keys are stored separately in user-secrets, not in this file)
  Passed Graphify.Tests.Cli.ConfigPersistenceTests.Save_Load_RoundTrip_CopilotSdk [382 ms]
  Passed Graphify.Tests.Regression.SemanticCacheRegressionTests.ClearAsync_UnderLoad_NoDeadlock_RegressionBug1 [1 s]
  Passed Graphify.Tests.Regression.SemanticCacheRegressionTests.ClearAsync_DoesNotDeadlock_RegressionBug1 [6 ms]
  Passed Graphify.Tests.Regression.SemanticCacheRegressionTests.ClearAsync_ThenSaveAsync_NoDeadlock_RegressionBug1 [6 ms]
  Passed Graphify.Tests.Regression.SemanticCacheRegressionTests.ClearAsync_ConcurrentWithAddAsync_NoDeadlock_RegressionBug1 [6 ms]
  Passed Graphify.Tests.Regression.SemanticCacheRegressionTests.MultipleSequentialClears_NoDeadlock_RegressionBug1 [11 ms]
  Passed Graphify.Tests.Cli.ConfigPersistenceTests.Save_AzureOpenAI_DoesNotIncludeOllamaOrCopilotSdkFields [748 ms]
  Passed Graphify.Tests.Cli.CopilotSdkConfigTests.Resolve_CopilotSdkProvider_IsRecognized_NotUnknown(providerValue: "COPILOTSDK") [820 ms]
?? API key stored securely via dotnet user-secrets.
? Configuration saved to: 
C:\src\graphify-dotnet\src\tests\Graphify.Tests\bin\Release\net10.0\appsettings.
local.json
   (API keys are stored separately in user-secrets, not in this file)
? Configuration saved to: 
C:\src\graphify-dotnet\src\tests\Graphify.Tests\bin\Release\net10.0\appsettings.
local.json
   (API keys are stored separately in user-secrets, not in this file)
  Passed Graphify.Tests.Cli.ConfigPersistenceTests.Save_OverwritesPreviousFile [740 ms]
  Passed Graphify.Tests.Cli.CopilotSdkConfigTests.Resolve_CopilotSdkProvider_IsRecognized_NotUnknown(providerValue: "copilotsdk") [822 ms]
  Passed Graphify.Tests.Cli.CopilotSdkConfigTests.Resolve_NullProvider_ReturnsNull [< 1 ms]
  Passed Graphify.Tests.Cli.CopilotSdkConfigTests.GraphifyConfig_HasAllThreeProviderConfigs [< 1 ms]
  Passed Graphify.Tests.Cli.CopilotSdkConfigTests.Resolve_UnknownProvider_ThrowsInvalidOperationException [< 1 ms]
  Passed Graphify.Tests.Cli.CopilotSdkConfigTests.ResolveAsync_EmptyProvider_ReturnsNull [< 1 ms]
  Passed Graphify.Tests.Cli.CopilotSdkConfigTests.ResolveAsync_NullProvider_ReturnsNull [< 1 ms]
  Passed Graphify.Tests.Cli.CopilotSdkConfigTests.GraphifyConfig_CopilotSdk_CanBeReplaced [< 1 ms]
  Passed Graphify.Tests.Cli.ConfigPersistenceTests.Save_ProducesIndentedJson [360 ms]
? Configuration saved to: 
C:\src\graphify-dotnet\src\tests\Graphify.Tests\bin\Release\net10.0\appsettings.
local.json
   (API keys are stored separately in user-secrets, not in this file)
? Configuration saved to: 
C:\src\graphify-dotnet\src\tests\Graphify.Tests\bin\Release\net10.0\appsettings.
local.json
   (API keys are stored separately in user-secrets, not in this file)
  Passed Graphify.Tests.Cli.ConfigPersistenceTests.GetLocalConfigPath_ContainsExpectedFileName [357 ms]
  Passed Graphify.Tests.Cli.ConfigPersistenceTests.Save_Load_RoundTrip_Ollama [360 ms]
  Passed Graphify.Tests.Cli.ConfigPersistenceTests.Save_CreatesValidJson_WithGraphifyWrapper [359 ms]
  Passed Graphify.Tests.Cli.ConfigPersistenceTests.Load_ReturnsNull_WhenGraphifySectionMissing [355 ms]
?? API key stored securely via dotnet user-secrets.
? Configuration saved to: 
C:\src\graphify-dotnet\src\tests\Graphify.Tests\bin\Release\net10.0\appsettings.
local.json
   (API keys are stored separately in user-secrets, not in this file)
? Configuration saved to: 
C:\src\graphify-dotnet\src\tests\Graphify.Tests\bin\Release\net10.0\appsettings.
local.json
   (API keys are stored separately in user-secrets, not in this file)
??  Could not load config: 't' is an invalid start of a property name. Expected 
a '"'. LineNumber: 0 | BytePositionInLine: 2.
? Configuration saved to: 
C:\src\graphify-dotnet\src\tests\Graphify.Tests\bin\Release\net10.0\appsettings.
local.json
   (API keys are stored separately in user-secrets, not in this file)
  Passed Graphify.Tests.Cli.ConfigPersistenceTests.Save_Load_RoundTrip_AzureOpenAI [718 ms]
  Passed Graphify.Tests.Cli.ConfigPersistenceTests.Save_CopilotSdk_DoesNotIncludeAzureOrOllamaFields [357 ms]
  Passed Graphify.Tests.Cli.ConfigPersistenceTests.Load_ReturnsNull_ForMalformedJson [361 ms]
  Passed Graphify.Tests.Cli.ConfigPersistenceTests.Save_Load_RoundTrip_NullProvider_AstOnlyMode [355 ms]
  Passed Graphify.Tests.Cli.ConfigPersistenceTests.Load_ReturnsNull_WhenFileDoesNotExist [352 ms]
  Passed Graphify.Tests.Cli.ConfigPersistenceTests.Load_ReturnsConfig_WhenGraphifySectionIsEmpty [356 ms]
  Passed Graphify.Tests.Cli.ConfigSetCommandTests.CopilotSdkProviderRouting_CustomModel [378 ms]
  Passed Graphify.Tests.Cli.ConfigSetCommandTests.CopilotSdkProviderRouting_NoApiKeyInSecrets [356 ms]
  Passed Graphify.Tests.Cli.ConfigSetCommandTests.AzureOpenAI_EmptyEndpoint_IsRejected(input: "") [354 ms]
  Passed Graphify.Tests.Cli.ConfigSetCommandTests.AzureOpenAI_EmptyEndpoint_IsRejected(input: null) [357 ms]
  Passed Graphify.Tests.Cli.ConfigSetCommandTests.ConfigCommand_ExistsOnRootCommand [366 ms]
  Passed Graphify.Tests.Cli.ConfigSetCommandTests.ValidProviderChoice_MapsToCorrectProviderName(choice: "1", expectedProvider: "ollama") [355 ms]
  Passed Graphify.Tests.Cli.ConfigSetCommandTests.ValidProviderChoice_MapsToCorrectProviderName(choice: "2", expectedProvider: "azureopenai") [357 ms]
  Passed Graphify.Tests.Cli.ConfigSetCommandTests.ValidProviderChoice_MapsToCorrectProviderName(choice: "3", expectedProvider: "copilotsdk") [358 ms]
  Passed Graphify.Tests.Cli.ConfigSetCommandTests.InvalidProviderChoice_ProducesNoSecrets(invalidChoice: "0") [358 ms]
  Passed Graphify.Tests.Cli.ConfigSetCommandTests.InvalidProviderChoice_ProducesNoSecrets(invalidChoice: "4") [355 ms]
  Passed Graphify.Tests.Cli.ConfigSetCommandTests.InvalidProviderChoice_ProducesNoSecrets(invalidChoice: "") [355 ms]
  Passed Graphify.Tests.Cli.ConfigSetCommandTests.InvalidProviderChoice_ProducesNoSecrets(invalidChoice: "abc") [355 ms]
  Passed Graphify.Tests.Cli.ConfigSetCommandTests.RoundTrip_OllamaSecrets_BindCorrectly [379 ms]
  Passed Graphify.Tests.Cli.ConfigSetCommandTests.AzureOpenAI_EmptyDeploymentName_IsRejected(input: "") [352 ms]
  Passed Graphify.Tests.Cli.ConfigSetCommandTests.AzureOpenAI_EmptyDeploymentName_IsRejected(input: null) [356 ms]
  Passed Graphify.Tests.Cli.ConfigSetCommandTests.CopilotSdkProviderRouting_NoEndpointInSecrets [354 ms]
  Passed Graphify.Tests.Cli.ConfigSetCommandTests.OllamaDefaults_EmptyInput_UsesLlama32 [402 ms]
  Passed Graphify.Tests.Cli.ConfigSetCommandTests.AzureOpenAI_EmptyModelId_IsRejected(input: "") [358 ms]
  Passed Graphify.Tests.Cli.ConfigSetCommandTests.AzureOpenAI_EmptyModelId_IsRejected(input: null) [365 ms]
  Passed Graphify.Tests.Cli.ConfigSetCommandTests.AzureOpenAI_EmptyApiKey_IsRejected(input: null) [354 ms]
  Passed Graphify.Tests.Cli.ConfigSetCommandTests.AzureOpenAI_EmptyApiKey_IsRejected(input: "") [350 ms]
  Passed Graphify.Tests.Cli.ConfigSetCommandTests.RoundTrip_AzureOpenAISecrets_BindCorrectly [359 ms]
  Passed Graphify.Tests.Cli.ConfigSetCommandTests.AzureOpenAIProviderRouting_SetsAllRequiredKeys [356 ms]
  Passed Graphify.Tests.Cli.ConfigSetCommandTests.ConfigSetCommand_ExistsUnderConfigCommand [352 ms]
  Passed Graphify.Tests.Cli.ConfigSetCommandTests.CopilotSdkDefaults_EmptyInput_UsesGpt41 [355 ms]
  Passed Graphify.Tests.Cli.ConfigSetCommandTests.OllamaProviderRouting_SetsCorrectKeys [361 ms]
  Passed Graphify.Tests.Cli.ConfigSetCommandTests.OllamaDefaults_EmptyInput_UsesLocalhost [355 ms]
  Passed Graphify.Tests.Cli.ConfigSetCommandTests.RoundTrip_CopilotSdkSecrets_BindCorrectly [362 ms]
  Passed Graphify.Tests.Cli.ConfigSetCommandTests.OllamaProviderRouting_CustomEndpointAndModel [353 ms]
  Passed Graphify.Tests.Cli.ConfigSetCommandTests.CopilotSdkProviderRouting_OnlyRequiresModelId [361 ms]
  Passed Graphify.Tests.Cli.ConfigurationFactoryTests.Build_NoArguments_ReturnsNonNullConfiguration [715 ms]
  Passed Graphify.Tests.Cli.ConfigurationFactoryTests.Build_CopilotSdkCanBindToGraphifyConfig [718 ms]
  Passed Graphify.Tests.Cli.ConfigurationFactoryTests.Build_CliArgs_OverrideLocalConfig [722 ms]
  Passed Graphify.Tests.Cli.ConfigurationFactoryTests.Build_CopilotSdkCliOptions_IgnoresEndpoint [714 ms]
  Passed Graphify.Tests.Cli.ConfigurationFactoryTests.Build_CopilotSdkCliOptions_ApiKeyDoesNotSetCopilotSdkKey [715 ms]
  Passed Graphify.Tests.Cli.ConfigurationFactoryTests.Build_CanBindToGraphifyConfig [718 ms]
  Passed Graphify.Tests.Cli.ConfigurationFactoryTests.Build_CopilotSdkCliOptions_DoesNotSetAzureModel [711 ms]
  Passed Graphify.Tests.Cli.ConfigurationFactoryTests.Build_PartialCliOptions_OnlySetsProvidedValues [712 ms]
  Passed Graphify.Tests.Cli.ConfigurationFactoryTests.Build_LocalConfig_BindsToGraphifyConfig [728 ms]
  Passed Graphify.Tests.Cli.ConfigurationFactoryTests.Build_LoadsLocalConfigFile_WhenPresent [721 ms]
  Passed Graphify.Tests.Cli.ConfigurationFactoryTests.Build_AzureOpenAICliOptions_SetsAzureFields [709 ms]
  Passed Graphify.Tests.Cli.ConfigurationFactoryTests.Build_CopilotSdkCliOptions_SetsModelIdCorrectly [710 ms]
  Passed Graphify.Tests.Cli.ConfigurationFactoryTests.Build_CopilotSdkCliOptions_DeploymentIsIgnored [708 ms]
  Passed Graphify.Tests.Cli.ConfigurationFactoryTests.Build_WithProviderOverride_SetsProviderValue [717 ms]
  Passed Graphify.Tests.Cli.ConfigurationFactoryTests.Build_OllamaCliOptions_SetsOllamaEndpointAndModel [715 ms]
[xUnit.net 00:00:31.80]   Finished:    Graphify.Tests
  Passed Graphify.Tests.Cli.ConfigurationFactoryTests.Build_NullCliOptions_ReturnsNonNullConfiguration [712 ms]
  Passed Graphify.Tests.Cli.ConfigurationFactoryTests.Build_CliOverridesAreHighestPriority [721 ms]

Test Run Successful.
Total tests: 573
     Passed: 573
 Total time: 32.5898 Seconds

Build succeeded.
    0 Warning(s)
    0 Error(s)

Time Elapsed 00:00:33.41
